// Jest Snapshot v1, https://goo.gl/fbAQLP

exports[`AppIcon component renders app icon after fetching 1`] = `
<img
  alt={undefined}
  className="c-app-icon"
  src="data://test-url"
/>
`;

exports[`AppIcon component renders as loading 1`] = `
<div
  className="c-loading-placeholder c-app-icon"
/>
`;

exports[`AppIcon component renders default when fetch error occurs 1`] = `
<Icon
  className="c-app-icon c-app-icon-default"
  height="100%"
  icon="test-file-stub"
  spin={false}
  width="100%"
/>
`;
